SELECT
  exploded
FROM foo
CROSS JOIN UNNEST(column) AS _u(exploded)