SELECT
  1 AS a,
  2 AS b,
  3 AS c
GROUP BY
  1,
  2,
  3
ORDER BY
  a,
  b,
  c