SELECT
  0xdeadbeef,
  0x0010,
  0x00deadbeef,
  0x0000deadbeef,
  0x0000000000000000000000000000000000000000,
  0x0f4Be9f208C552A6b04d9A1222F385785f95beAA