/* Success! If you're still running into issues, check out https://dune.com/docs/query/syntax-differences/ or reach out in the #dune-sql Discord channel. */

SELECT
  1 AS a,
  2 AS b,
  3 AS c
GROUP BY
  1,
  2,
  3
ORDER BY
  a,
  b,
  c