/* Success! If you're still running into issues, check out https://dune.com/docs/query/syntax-differences/ or reach out in the #dune-sql Discord channel. */

/* !Bytea warning: We now have new bytearray functions to cover conversions and stuff like length, concat, substring, etc. Check out the docs here: https://dune.com/docs/reference/dune-v2/query-engine/#byte-array-to-numeric-functions */
SELECT
  BYTEARRAY_TO_BIGINT(data)