/* Success! If you're still running into issues, check out https://dune.com/docs/query/syntax-differences/ or reach out in the #dune-sql Discord channel. */

SELECT
  0xdeadbeef,
  0xdeadbeef,
  CAST(0xdeadbeef AS VARBINARY)