SELECT
  CONCAT(
    CAST(COALESCE(CAST(COALESCE(TRY_CAST('\\x' AS VARCHAR), '') AS VARCHAR), '') AS VARCHAR),
    CAST(COALESCE(CAST(COALESCE(TRY_CAST('lol' AS VARCHAR), '') AS VARCHAR), '') AS VARCHAR)
  )