SELECT
  x,
  dt
FROM x
CROSS JOIN UNNEST(SEQUENCE(min_dt, CURRENT_DATE, TRY_CAST('1 day' AS INTERVAL))) AS _u(dt)