SELECT
  project AS "Project",
  SUM(amount_usd) AS usd_volume
FROM (
  SELECT
    *
  FROM (
    SELECT
      *
    FROM dex."trades"
    WHERE
      blockchain = 'ethereum'
  ) AS a
) AS d /* test comment */
LEFT JOIN prices.usd AS p
  ON p.minute = DATE_TRUNC('minute', d.block_time)
WHERE
  p.blockchain = 'ethereum'
  AND block_time > CAST('2019-01-01' AS TIMESTAMP)
  AND block_time > CAST('{{start_date}}' AS TIMESTAMP)
  AND block_time > CURRENT_TIMESTAMP - (
    1 * INTERVAL '7' day
  )
  AND category = 'DEX'
GROUP BY
  1