/* Success! If you're still running into issues, check out https://dune.com/docs/query/syntax-differences/ or reach out in the #dune-sql Discord channel. */

SELECT
  TRY_CAST(x AS INTEGER) AS x,
  TRY_CAST(y AS VARCHAR) AS y,
  TRY_CAST(c + 1 AS INTEGER)
FROM t