SELECT
  col
FROM UNNEST(SEQUENCE(
  TRY_CAST('2023-01-01' AS TIMESTAMP),
  CAST(CAST(CAST(TRY_CAST('2023-02-01' AS TIMESTAMP) AS TIMESTAMP) AS TIMESTAMP) AS TIMESTAMP),
  INTERVAL '1' day
)) AS _u(col)