SELECT
  tx_index,
  APPROX_PERCENTILE(tx_index, 0.5)
FROM ethereum.traces
WHERE
  block_number < 100000
GROUP BY
  1