SELECT
  *
FROM erc20_optimism.evt_Transfer, erc721_ethereum.evt_Transfer AS x, aave_optimism.AaveCollateralVaultProxy_evt_DeployVault