SELECT
  col
FROM t
CROSS JOIN UNNEST(c) AS _u(col)